---
source: crates/wasm-workers/src/workflow/workflow_worker.rs
expression: execution_log
---
{
  "execution_id": "E_00000000000000000000000000",
  "events": [
    {
      "created_at": "1970-01-01T00:00:00Z",
      "event": {
        "Created": {
          "ffqn": {
            "ifc_fqn": "testing:stub-workflow/workflow",
            "function_name": "join-next-in-scope"
          },
          "params": [],
          "parent": null,
          "scheduled_at": "1970-01-01T00:00:00Z",
          "retry_exp_backoff": {
            "secs": 0,
            "nanos": 0
          },
          "max_retries": 4294967295,
          "component_id": "workflow:",
          "metadata": null,
          "scheduled_by": null
        }
      },
      "backtrace_id": null
    },
    {
      "created_at": "1970-01-01T00:00:00Z",
      "event": {
        "Locked": {
          "component_id": "workflow:",
          "executor_id": "Exr_00000000000000000000000000",
          "run_id": "Run_00000000000000000000000001",
          "lock_expires_at": "1970-01-01T00:00:01Z"
        }
      },
      "backtrace_id": null
    },
    {
      "created_at": "1970-01-01T00:00:00Z",
      "event": {
        "HistoryEvent": {
          "event": {
            "type": "JoinSetCreate",
            "join_set_id": "n:a",
            "closing_strategy": "complete"
          }
        }
      },
      "backtrace_id": null
    },
    {
      "created_at": "1970-01-01T00:00:00Z",
      "event": {
        "HistoryEvent": {
          "event": {
            "type": "JoinSetRequest",
            "join_set_id": "n:a",
            "request": {
              "type": "ChildExecutionRequest",
              "child_execution_id": "E_00000000000000000000000000.n:a_1"
            }
          }
        }
      },
      "backtrace_id": null
    },
    {
      "created_at": "1970-01-01T00:00:00Z",
      "event": {
        "HistoryEvent": {
          "event": {
            "type": "Stub",
            "target_execution_id": "E_00000000000000000000000000.n:a_1",
            "result": {
              "Ok": {
                "InfallibleOrResultOk": {
                  "type": {
                    "result": {
                      "ok": "string",
                      "err": null
                    }
                  },
                  "value": {
                    "ok": "a"
                  }
                }
              }
            },
            "persist_result": {
              "Ok": null
            }
          }
        }
      },
      "backtrace_id": null
    },
    {
      "created_at": "1970-01-01T00:00:00Z",
      "event": {
        "HistoryEvent": {
          "event": {
            "type": "JoinSetRequest",
            "join_set_id": "n:a",
            "request": {
              "type": "ChildExecutionRequest",
              "child_execution_id": "E_00000000000000000000000000.n:a_2"
            }
          }
        }
      },
      "backtrace_id": null
    },
    {
      "created_at": "1970-01-01T00:00:00Z",
      "event": {
        "HistoryEvent": {
          "event": {
            "type": "Stub",
            "target_execution_id": "E_00000000000000000000000000.n:a_2",
            "result": {
              "Ok": {
                "InfallibleOrResultOk": {
                  "type": {
                    "result": {
                      "ok": "string",
                      "err": null
                    }
                  },
                  "value": {
                    "ok": "aa"
                  }
                }
              }
            },
            "persist_result": {
              "Ok": null
            }
          }
        }
      },
      "backtrace_id": null
    },
    {
      "created_at": "1970-01-01T00:00:00Z",
      "event": {
        "HistoryEvent": {
          "event": {
            "type": "JoinSetCreate",
            "join_set_id": "n:b",
            "closing_strategy": "complete"
          }
        }
      },
      "backtrace_id": null
    },
    {
      "created_at": "1970-01-01T00:00:00Z",
      "event": {
        "HistoryEvent": {
          "event": {
            "type": "JoinSetRequest",
            "join_set_id": "n:b",
            "request": {
              "type": "ChildExecutionRequest",
              "child_execution_id": "E_00000000000000000000000000.n:b_1"
            }
          }
        }
      },
      "backtrace_id": null
    },
    {
      "created_at": "1970-01-01T00:00:00Z",
      "event": {
        "HistoryEvent": {
          "event": {
            "type": "Stub",
            "target_execution_id": "E_00000000000000000000000000.n:b_1",
            "result": {
              "Ok": {
                "InfallibleOrResultOk": {
                  "type": {
                    "result": {
                      "ok": "string",
                      "err": null
                    }
                  },
                  "value": {
                    "ok": "b"
                  }
                }
              }
            },
            "persist_result": {
              "Ok": null
            }
          }
        }
      },
      "backtrace_id": null
    },
    {
      "created_at": "1970-01-01T00:00:00Z",
      "event": {
        "HistoryEvent": {
          "event": {
            "type": "JoinSetRequest",
            "join_set_id": "n:b",
            "request": {
              "type": "ChildExecutionRequest",
              "child_execution_id": "E_00000000000000000000000000.n:b_2"
            }
          }
        }
      },
      "backtrace_id": null
    },
    {
      "created_at": "1970-01-01T00:00:00Z",
      "event": {
        "HistoryEvent": {
          "event": {
            "type": "Stub",
            "target_execution_id": "E_00000000000000000000000000.n:b_2",
            "result": {
              "Ok": {
                "InfallibleOrResultOk": {
                  "type": {
                    "result": {
                      "ok": "string",
                      "err": null
                    }
                  },
                  "value": {
                    "ok": "bb"
                  }
                }
              }
            },
            "persist_result": {
              "Ok": null
            }
          }
        }
      },
      "backtrace_id": null
    },
    {
      "created_at": "1970-01-01T00:00:00Z",
      "event": {
        "HistoryEvent": {
          "event": {
            "type": "JoinSetCreate",
            "join_set_id": "n:f",
            "closing_strategy": "complete"
          }
        }
      },
      "backtrace_id": null
    },
    {
      "created_at": "1970-01-01T00:00:00Z",
      "event": {
        "HistoryEvent": {
          "event": {
            "type": "JoinSetRequest",
            "join_set_id": "n:f",
            "request": {
              "type": "ChildExecutionRequest",
              "child_execution_id": "E_00000000000000000000000000.n:f_1"
            }
          }
        }
      },
      "backtrace_id": null
    },
    {
      "created_at": "1970-01-01T00:00:00Z",
      "event": {
        "HistoryEvent": {
          "event": {
            "type": "Stub",
            "target_execution_id": "E_00000000000000000000000000.n:f_1",
            "result": {
              "Ok": {
                "InfallibleOrResultOk": {
                  "type": {
                    "result": {
                      "ok": "string",
                      "err": null
                    }
                  },
                  "value": {
                    "ok": "f"
                  }
                }
              }
            },
            "persist_result": {
              "Ok": null
            }
          }
        }
      },
      "backtrace_id": null
    },
    {
      "created_at": "1970-01-01T00:00:00Z",
      "event": {
        "HistoryEvent": {
          "event": {
            "type": "JoinSetRequest",
            "join_set_id": "n:f",
            "request": {
              "type": "ChildExecutionRequest",
              "child_execution_id": "E_00000000000000000000000000.n:f_2"
            }
          }
        }
      },
      "backtrace_id": null
    },
    {
      "created_at": "1970-01-01T00:00:00Z",
      "event": {
        "HistoryEvent": {
          "event": {
            "type": "Stub",
            "target_execution_id": "E_00000000000000000000000000.n:f_2",
            "result": {
              "Ok": {
                "InfallibleOrResultOk": {
                  "type": {
                    "result": {
                      "ok": "string",
                      "err": null
                    }
                  },
                  "value": {
                    "ok": "ff"
                  }
                }
              }
            },
            "persist_result": {
              "Ok": null
            }
          }
        }
      },
      "backtrace_id": null
    },
    {
      "created_at": "1970-01-01T00:00:00Z",
      "event": {
        "HistoryEvent": {
          "event": {
            "type": "JoinNext",
            "join_set_id": "n:b",
            "run_expires_at": "1970-01-01T00:00:00Z",
            "requested_ffqn": null,
            "closing": true
          }
        }
      },
      "backtrace_id": null
    },
    {
      "created_at": "1970-01-01T00:00:00Z",
      "event": {
        "Locked": {
          "component_id": "workflow:",
          "executor_id": "Exr_00000000000000000000000000",
          "run_id": "Run_00000000000000000000000002",
          "lock_expires_at": "1970-01-01T00:00:01Z"
        }
      },
      "backtrace_id": null
    },
    {
      "created_at": "1970-01-01T00:00:00Z",
      "event": {
        "HistoryEvent": {
          "event": {
            "type": "JoinNext",
            "join_set_id": "n:b",
            "run_expires_at": "1970-01-01T00:00:00Z",
            "requested_ffqn": null,
            "closing": true
          }
        }
      },
      "backtrace_id": null
    },
    {
      "created_at": "1970-01-01T00:00:00Z",
      "event": {
        "Locked": {
          "component_id": "workflow:",
          "executor_id": "Exr_00000000000000000000000000",
          "run_id": "Run_00000000000000000000000003",
          "lock_expires_at": "1970-01-01T00:00:01Z"
        }
      },
      "backtrace_id": null
    },
    {
      "created_at": "1970-01-01T00:00:00Z",
      "event": {
        "HistoryEvent": {
          "event": {
            "type": "JoinNext",
            "join_set_id": "n:a",
            "run_expires_at": "1970-01-01T00:00:00Z",
            "requested_ffqn": null,
            "closing": true
          }
        }
      },
      "backtrace_id": null
    },
    {
      "created_at": "1970-01-01T00:00:00Z",
      "event": {
        "Locked": {
          "component_id": "workflow:",
          "executor_id": "Exr_00000000000000000000000000",
          "run_id": "Run_00000000000000000000000004",
          "lock_expires_at": "1970-01-01T00:00:01Z"
        }
      },
      "backtrace_id": null
    },
    {
      "created_at": "1970-01-01T00:00:00Z",
      "event": {
        "HistoryEvent": {
          "event": {
            "type": "JoinNext",
            "join_set_id": "n:a",
            "run_expires_at": "1970-01-01T00:00:00Z",
            "requested_ffqn": null,
            "closing": true
          }
        }
      },
      "backtrace_id": null
    },
    {
      "created_at": "1970-01-01T00:00:00Z",
      "event": {
        "Locked": {
          "component_id": "workflow:",
          "executor_id": "Exr_00000000000000000000000000",
          "run_id": "Run_00000000000000000000000005",
          "lock_expires_at": "1970-01-01T00:00:01Z"
        }
      },
      "backtrace_id": null
    },
    {
      "created_at": "1970-01-01T00:00:00Z",
      "event": {
        "HistoryEvent": {
          "event": {
            "type": "JoinSetCreate",
            "join_set_id": "n:c",
            "closing_strategy": "complete"
          }
        }
      },
      "backtrace_id": null
    },
    {
      "created_at": "1970-01-01T00:00:00Z",
      "event": {
        "HistoryEvent": {
          "event": {
            "type": "JoinSetRequest",
            "join_set_id": "n:c",
            "request": {
              "type": "ChildExecutionRequest",
              "child_execution_id": "E_00000000000000000000000000.n:c_1"
            }
          }
        }
      },
      "backtrace_id": null
    },
    {
      "created_at": "1970-01-01T00:00:00Z",
      "event": {
        "HistoryEvent": {
          "event": {
            "type": "Stub",
            "target_execution_id": "E_00000000000000000000000000.n:c_1",
            "result": {
              "Ok": {
                "InfallibleOrResultOk": {
                  "type": {
                    "result": {
                      "ok": "string",
                      "err": null
                    }
                  },
                  "value": {
                    "ok": "c"
                  }
                }
              }
            },
            "persist_result": {
              "Ok": null
            }
          }
        }
      },
      "backtrace_id": null
    },
    {
      "created_at": "1970-01-01T00:00:00Z",
      "event": {
        "HistoryEvent": {
          "event": {
            "type": "JoinSetRequest",
            "join_set_id": "n:c",
            "request": {
              "type": "ChildExecutionRequest",
              "child_execution_id": "E_00000000000000000000000000.n:c_2"
            }
          }
        }
      },
      "backtrace_id": null
    },
    {
      "created_at": "1970-01-01T00:00:00Z",
      "event": {
        "HistoryEvent": {
          "event": {
            "type": "Stub",
            "target_execution_id": "E_00000000000000000000000000.n:c_2",
            "result": {
              "Ok": {
                "InfallibleOrResultOk": {
                  "type": {
                    "result": {
                      "ok": "string",
                      "err": null
                    }
                  },
                  "value": {
                    "ok": "cc"
                  }
                }
              }
            },
            "persist_result": {
              "Ok": null
            }
          }
        }
      },
      "backtrace_id": null
    },
    {
      "created_at": "1970-01-01T00:00:00Z",
      "event": {
        "HistoryEvent": {
          "event": {
            "type": "JoinNext",
            "join_set_id": "n:c",
            "run_expires_at": "1970-01-01T00:00:00Z",
            "requested_ffqn": null,
            "closing": true
          }
        }
      },
      "backtrace_id": null
    },
    {
      "created_at": "1970-01-01T00:00:00Z",
      "event": {
        "Locked": {
          "component_id": "workflow:",
          "executor_id": "Exr_00000000000000000000000000",
          "run_id": "Run_00000000000000000000000006",
          "lock_expires_at": "1970-01-01T00:00:01Z"
        }
      },
      "backtrace_id": null
    },
    {
      "created_at": "1970-01-01T00:00:00Z",
      "event": {
        "HistoryEvent": {
          "event": {
            "type": "JoinNext",
            "join_set_id": "n:c",
            "run_expires_at": "1970-01-01T00:00:00Z",
            "requested_ffqn": null,
            "closing": true
          }
        }
      },
      "backtrace_id": null
    },
    {
      "created_at": "1970-01-01T00:00:00Z",
      "event": {
        "Locked": {
          "component_id": "workflow:",
          "executor_id": "Exr_00000000000000000000000000",
          "run_id": "Run_00000000000000000000000007",
          "lock_expires_at": "1970-01-01T00:00:01Z"
        }
      },
      "backtrace_id": null
    },
    {
      "created_at": "1970-01-01T00:00:00Z",
      "event": {
        "HistoryEvent": {
          "event": {
            "type": "JoinNext",
            "join_set_id": "n:f",
            "run_expires_at": "1970-01-01T00:00:00Z",
            "requested_ffqn": null,
            "closing": true
          }
        }
      },
      "backtrace_id": null
    },
    {
      "created_at": "1970-01-01T00:00:00Z",
      "event": {
        "Locked": {
          "component_id": "workflow:",
          "executor_id": "Exr_00000000000000000000000000",
          "run_id": "Run_00000000000000000000000008",
          "lock_expires_at": "1970-01-01T00:00:01Z"
        }
      },
      "backtrace_id": null
    },
    {
      "created_at": "1970-01-01T00:00:00Z",
      "event": {
        "HistoryEvent": {
          "event": {
            "type": "JoinNext",
            "join_set_id": "n:f",
            "run_expires_at": "1970-01-01T00:00:00Z",
            "requested_ffqn": null,
            "closing": true
          }
        }
      },
      "backtrace_id": null
    },
    {
      "created_at": "1970-01-01T00:00:00Z",
      "event": {
        "Locked": {
          "component_id": "workflow:",
          "executor_id": "Exr_00000000000000000000000000",
          "run_id": "Run_00000000000000000000000009",
          "lock_expires_at": "1970-01-01T00:00:01Z"
        }
      },
      "backtrace_id": null
    },
    {
      "created_at": "1970-01-01T00:00:00Z",
      "event": {
        "Finished": {
          "result": {
            "Ok": {
              "InfallibleOrResultOk": {
                "type": {
                  "result": {
                    "ok": null,
                    "err": null
                  }
                },
                "value": {
                  "ok": null
                }
              }
            }
          },
          "http_client_traces": null
        }
      },
      "backtrace_id": null
    }
  ],
  "responses": [
    {
      "created_at": "1970-01-01T00:00:00Z",
      "event": {
        "join_set_id": "n:a",
        "event": {
          "type": "ChildExecutionFinished",
          "child_execution_id": "E_00000000000000000000000000.n:a_1",
          "finished_version": 1,
          "result": {
            "Ok": {
              "InfallibleOrResultOk": {
                "type": {
                  "result": {
                    "ok": "string",
                    "err": null
                  }
                },
                "value": {
                  "ok": "a"
                }
              }
            }
          }
        }
      }
    },
    {
      "created_at": "1970-01-01T00:00:00Z",
      "event": {
        "join_set_id": "n:a",
        "event": {
          "type": "ChildExecutionFinished",
          "child_execution_id": "E_00000000000000000000000000.n:a_2",
          "finished_version": 1,
          "result": {
            "Ok": {
              "InfallibleOrResultOk": {
                "type": {
                  "result": {
                    "ok": "string",
                    "err": null
                  }
                },
                "value": {
                  "ok": "aa"
                }
              }
            }
          }
        }
      }
    },
    {
      "created_at": "1970-01-01T00:00:00Z",
      "event": {
        "join_set_id": "n:b",
        "event": {
          "type": "ChildExecutionFinished",
          "child_execution_id": "E_00000000000000000000000000.n:b_1",
          "finished_version": 1,
          "result": {
            "Ok": {
              "InfallibleOrResultOk": {
                "type": {
                  "result": {
                    "ok": "string",
                    "err": null
                  }
                },
                "value": {
                  "ok": "b"
                }
              }
            }
          }
        }
      }
    },
    {
      "created_at": "1970-01-01T00:00:00Z",
      "event": {
        "join_set_id": "n:b",
        "event": {
          "type": "ChildExecutionFinished",
          "child_execution_id": "E_00000000000000000000000000.n:b_2",
          "finished_version": 1,
          "result": {
            "Ok": {
              "InfallibleOrResultOk": {
                "type": {
                  "result": {
                    "ok": "string",
                    "err": null
                  }
                },
                "value": {
                  "ok": "bb"
                }
              }
            }
          }
        }
      }
    },
    {
      "created_at": "1970-01-01T00:00:00Z",
      "event": {
        "join_set_id": "n:f",
        "event": {
          "type": "ChildExecutionFinished",
          "child_execution_id": "E_00000000000000000000000000.n:f_1",
          "finished_version": 1,
          "result": {
            "Ok": {
              "InfallibleOrResultOk": {
                "type": {
                  "result": {
                    "ok": "string",
                    "err": null
                  }
                },
                "value": {
                  "ok": "f"
                }
              }
            }
          }
        }
      }
    },
    {
      "created_at": "1970-01-01T00:00:00Z",
      "event": {
        "join_set_id": "n:f",
        "event": {
          "type": "ChildExecutionFinished",
          "child_execution_id": "E_00000000000000000000000000.n:f_2",
          "finished_version": 1,
          "result": {
            "Ok": {
              "InfallibleOrResultOk": {
                "type": {
                  "result": {
                    "ok": "string",
                    "err": null
                  }
                },
                "value": {
                  "ok": "ff"
                }
              }
            }
          }
        }
      }
    },
    {
      "created_at": "1970-01-01T00:00:00Z",
      "event": {
        "join_set_id": "n:c",
        "event": {
          "type": "ChildExecutionFinished",
          "child_execution_id": "E_00000000000000000000000000.n:c_1",
          "finished_version": 1,
          "result": {
            "Ok": {
              "InfallibleOrResultOk": {
                "type": {
                  "result": {
                    "ok": "string",
                    "err": null
                  }
                },
                "value": {
                  "ok": "c"
                }
              }
            }
          }
        }
      }
    },
    {
      "created_at": "1970-01-01T00:00:00Z",
      "event": {
        "join_set_id": "n:c",
        "event": {
          "type": "ChildExecutionFinished",
          "child_execution_id": "E_00000000000000000000000000.n:c_2",
          "finished_version": 1,
          "result": {
            "Ok": {
              "InfallibleOrResultOk": {
                "type": {
                  "result": {
                    "ok": "string",
                    "err": null
                  }
                },
                "value": {
                  "ok": "cc"
                }
              }
            }
          }
        }
      }
    }
  ],
  "next_version": 38,
  "pending_state": {
    "type": "Finished",
    "finished": {
      "version": 38,
      "finished_at": "1970-01-01T00:00:00Z",
      "result_kind": "ok"
    }
  }
}
