---
source: crates/concepts/src/lib.rs
expression: vec
---
[
    7784354942592584825,
    5851473805423874384,
    11723254811987876837,
    12843579352788357021,
]
