---
source: crates/val-json/src/wast_val_ser.rs
expression: json
---
{
  "type": {
    "list": "bool"
  },
  "value": [
    true
  ]
}
