---
source: crates/val-json/src/wast_val_ser.rs
expression: json
---
{
  "type": {
    "variant": {
      "a": null,
      "b": null
    }
  },
  "value": "a"
}
