---
source: crates/val-json/src/wast_val_ser.rs
expression: json
---
{
  "type": {
    "tuple": [
      "bool",
      "u32"
    ]
  },
  "value": [
    false,
    1
  ]
}
