---
source: crates/val-json/src/wast_val_ser.rs
expression: json
---
{
  "type": {
    "result": {
      "ok": "bool",
      "err": null
    }
  },
  "value": {
    "ok": true
  }
}
