---
source: crates/val-json/src/wast_val_ser.rs
expression: json
---
{
  "type": "bool",
  "value": true
}
