---
source: crates/val-json/src/wast_val_ser.rs
expression: json
---
{
  "type": {
    "result": {
      "ok": null,
      "err": null
    }
  },
  "value": {
    "err": null
  }
}
