---
source: crates/utils/src/wasm_tools.rs
expression: snapshot
---

