---
source: crates/utils/src/wit.rs
expression: wit
---
package root:component;

world root {
  import wasi:io/poll@0.2.2;
  import wasi:clocks/monotonic-clock@0.2.2;
  import wasi:clocks/wall-clock@0.2.2;
  import wasi:random/random@0.2.2;
  import wasi:io/error@0.2.2;
  import wasi:io/streams@0.2.2;
  import wasi:cli/stdout@0.2.2;
  import wasi:cli/stderr@0.2.2;
  import wasi:cli/stdin@0.2.2;
  import wasi:http/types@0.2.2;
  import wasi:http/outgoing-handler@0.2.2;
  import wasi:cli/environment@0.2.0;
  import wasi:cli/exit@0.2.0;
  import wasi:filesystem/types@0.2.0;
  import wasi:filesystem/preopens@0.2.0;

  export testing:http/http-get;
}
package obelisk:types@1.0.0 {
  interface time {
    variant duration {
      milliseconds(u64),
      seconds(u64),
      minutes(u32),
      hours(u32),
      days(u32),
    }

    /// A time and date in seconds plus nanoseconds.
    /// Extracted from wasi:clocks@0.2.0 to avoid dependency on wasi:io
    record datetime {
      seconds: u64,
      nanoseconds: u32,
    }

    variant schedule-at {
      now,
      at(datetime),
      in(duration),
    }
  }
  interface execution {
    resource join-set-id;

    record execution-id {
      id: string,
    }

    record delay-id {
      id: string,
    }

    variant execution-error {
      activity-trap(string),
      permanent-timeout,
    }
  }
}


package wasi:io@0.2.2 {
  interface poll {
    resource pollable {
      block: func();
    }
  }
  interface error {
    resource error;
  }
  interface streams {
    use error.{error};
    use poll.{pollable};

    resource input-stream {
      blocking-read: func(len: u64) -> result<list<u8>, stream-error>;
    }

    variant stream-error {
      last-operation-failed(error),
      closed,
    }

    resource output-stream {
      check-write: func() -> result<u64, stream-error>;
      write: func(contents: list<u8>) -> result<_, stream-error>;
      blocking-write-and-flush: func(contents: list<u8>) -> result<_, stream-error>;
      flush: func() -> result<_, stream-error>;
      blocking-flush: func() -> result<_, stream-error>;
      subscribe: func() -> pollable;
    }
  }
}


package wasi:clocks@0.2.2 {
  interface monotonic-clock {
    type duration = u64;
  }
  interface wall-clock {
    record datetime {
      seconds: u64,
      nanoseconds: u32,
    }
  }
}


package wasi:random@0.2.2 {
  interface random {
    get-random-bytes: func(len: u64) -> list<u8>;
  }
}


package wasi:cli@0.2.2 {
  interface stdout {
    use wasi:io/streams@0.2.2.{output-stream};

    get-stdout: func() -> output-stream;
  }
  interface stderr {
    use wasi:io/streams@0.2.2.{output-stream};

    get-stderr: func() -> output-stream;
  }
  interface stdin {
    use wasi:io/streams@0.2.2.{input-stream};

    get-stdin: func() -> input-stream;
  }
}


package wasi:http@0.2.2 {
  interface types {
    use wasi:clocks/monotonic-clock@0.2.2.{duration};
    use wasi:io/streams@0.2.2.{input-stream, output-stream};
    use wasi:io/poll@0.2.2.{pollable};

    resource fields {
      from-list: static func(entries: list<tuple<field-name, field-value>>) -> result<fields, header-error>;
      entries: func() -> list<tuple<field-name, field-value>>;
    }

    type field-key = string;

    type field-name = field-key;

    type field-value = list<u8>;

    variant header-error {
      invalid-syntax,
      forbidden,
      immutable,
    }

    type headers = fields;

    resource outgoing-request {
      constructor(headers: headers);
      body: func() -> result<outgoing-body>;
      set-method: func(method: method) -> result;
      set-path-with-query: func(path-with-query: option<string>) -> result;
      set-scheme: func(scheme: option<scheme>) -> result;
      set-authority: func(authority: option<string>) -> result;
    }

    resource outgoing-body {
      write: func() -> result<output-stream>;
      finish: static func(this: outgoing-body, trailers: option<trailers>) -> result<_, error-code>;
    }

    variant method {
      get,
      head,
      post,
      put,
      delete,
      connect,
      options,
      trace,
      patch,
      other(string),
    }

    variant scheme {
      HTTP,
      HTTPS,
      other(string),
    }

    resource request-options {
      constructor();
      set-connect-timeout: func(duration: option<duration>) -> result;
    }

    resource incoming-response {
      status: func() -> status-code;
      headers: func() -> headers;
      consume: func() -> result<incoming-body>;
    }

    type status-code = u16;

    resource incoming-body {
      %stream: func() -> result<input-stream>;
    }

    type trailers = fields;

    record DNS-error-payload {
      rcode: option<string>,
      info-code: option<u16>,
    }

    record TLS-alert-received-payload {
      alert-id: option<u8>,
      alert-message: option<string>,
    }

    record field-size-payload {
      field-name: option<string>,
      field-size: option<u32>,
    }

    variant error-code {
      DNS-timeout,
      DNS-error(DNS-error-payload),
      destination-not-found,
      destination-unavailable,
      destination-IP-prohibited,
      destination-IP-unroutable,
      connection-refused,
      connection-terminated,
      connection-timeout,
      connection-read-timeout,
      connection-write-timeout,
      connection-limit-reached,
      TLS-protocol-error,
      TLS-certificate-error,
      TLS-alert-received(TLS-alert-received-payload),
      HTTP-request-denied,
      HTTP-request-length-required,
      HTTP-request-body-size(option<u64>),
      HTTP-request-method-invalid,
      HTTP-request-URI-invalid,
      HTTP-request-URI-too-long,
      HTTP-request-header-section-size(option<u32>),
      HTTP-request-header-size(option<field-size-payload>),
      HTTP-request-trailer-section-size(option<u32>),
      HTTP-request-trailer-size(field-size-payload),
      HTTP-response-incomplete,
      HTTP-response-header-section-size(option<u32>),
      HTTP-response-header-size(field-size-payload),
      HTTP-response-body-size(option<u64>),
      HTTP-response-trailer-section-size(option<u32>),
      HTTP-response-trailer-size(field-size-payload),
      HTTP-response-transfer-coding(option<string>),
      HTTP-response-content-coding(option<string>),
      HTTP-response-timeout,
      HTTP-upgrade-failed,
      HTTP-protocol-error,
      loop-detected,
      configuration-error,
      internal-error(option<string>),
    }

    resource future-incoming-response {
      subscribe: func() -> pollable;
      get: func() -> option<result<result<incoming-response, error-code>>>;
    }
  }
  interface outgoing-handler {
    use types.{outgoing-request, request-options, future-incoming-response, error-code};

    handle: func(request: outgoing-request, options: option<request-options>) -> result<future-incoming-response, error-code>;
  }
}


package wasi:cli@0.2.0 {
  interface environment {
    get-environment: func() -> list<tuple<string, string>>;
  }
  interface exit {
    exit: func(status: result);
  }
}


package wasi:filesystem@0.2.0 {
  interface types {
    use wasi:io/streams@0.2.2.{output-stream};
    use wasi:clocks/wall-clock@0.2.2.{datetime};
    use wasi:io/streams@0.2.2.{error};

    resource descriptor {
      write-via-stream: func(offset: filesize) -> result<output-stream, error-code>;
      append-via-stream: func() -> result<output-stream, error-code>;
      get-type: func() -> result<descriptor-type, error-code>;
      stat: func() -> result<descriptor-stat, error-code>;
    }

    type filesize = u64;

    enum error-code {
      access,
      would-block,
      already,
      bad-descriptor,
      busy,
      deadlock,
      quota,
      exist,
      file-too-large,
      illegal-byte-sequence,
      in-progress,
      interrupted,
      invalid,
      io,
      is-directory,
      loop,
      too-many-links,
      message-size,
      name-too-long,
      no-device,
      no-entry,
      no-lock,
      insufficient-memory,
      insufficient-space,
      not-directory,
      not-empty,
      not-recoverable,
      unsupported,
      no-tty,
      no-such-device,
      overflow,
      not-permitted,
      pipe,
      read-only,
      invalid-seek,
      text-file-busy,
      cross-device,
    }

    enum descriptor-type {
      unknown,
      block-device,
      character-device,
      directory,
      fifo,
      symbolic-link,
      regular-file,
      socket,
    }

    type link-count = u64;

    record descriptor-stat {
      %type: descriptor-type,
      link-count: link-count,
      size: filesize,
      data-access-timestamp: option<datetime>,
      data-modification-timestamp: option<datetime>,
      status-change-timestamp: option<datetime>,
    }

    filesystem-error-code: func(err: borrow<error>) -> option<error-code>;
  }
  interface preopens {
    use types.{descriptor};

    get-directories: func() -> list<tuple<descriptor, string>>;
  }
}


package testing:http {
  interface http-get {
    record response {
      body: list<u8>,
      status-code: u16,
    }

    record stargazers {
      logins: string,
      cursor: string,
    }

    get: func(url: string) -> result<string, string>;

    get-resp: func(url: string) -> result<response, string>;

    get-stargazers: func() -> result<stargazers, string>;

    get-successful: func(url: string) -> result<string, string>;
  }
}


package testing:http-obelisk-ext {
  interface http-get {
    use obelisk:types/execution@1.0.0.{execution-id, join-set-id};
    use obelisk:types/time@1.0.0.{schedule-at};
    use obelisk:types/execution@1.0.0.{execution-error};
    use testing:http/http-get.{response, stargazers};

    get-submit: func(join-set-id: borrow<join-set-id>, url: string) -> execution-id;

    get-await-next: func(join-set-id: borrow<join-set-id>) -> result<tuple<execution-id, result<string, string>>, tuple<execution-id, execution-error>>;

    get-schedule: func(schedule-at: schedule-at, url: string) -> execution-id;

    get-resp-submit: func(join-set-id: borrow<join-set-id>, url: string) -> execution-id;

    get-resp-await-next: func(join-set-id: borrow<join-set-id>) -> result<tuple<execution-id, result<response, string>>, tuple<execution-id, execution-error>>;

    get-resp-schedule: func(schedule-at: schedule-at, url: string) -> execution-id;

    get-stargazers-submit: func(join-set-id: borrow<join-set-id>) -> execution-id;

    get-stargazers-await-next: func(join-set-id: borrow<join-set-id>) -> result<tuple<execution-id, result<stargazers, string>>, tuple<execution-id, execution-error>>;

    get-stargazers-schedule: func(schedule-at: schedule-at) -> execution-id;

    get-successful-submit: func(join-set-id: borrow<join-set-id>, url: string) -> execution-id;

    get-successful-await-next: func(join-set-id: borrow<join-set-id>) -> result<tuple<execution-id, result<string, string>>, tuple<execution-id, execution-error>>;

    get-successful-schedule: func(schedule-at: schedule-at, url: string) -> execution-id;
  }
}
