---
source: crates/utils/src/wasm_tools.rs
expression: snapshot
---
testing:stub-activity-obelisk-ext
package testing:stub-activity-obelisk-ext;

interface activity {
  use obelisk:types/execution@3.0.0.{execution-id, join-set, await-next-extension-error, get-extension-error, invoke-extension-error};

  foo-submit: func(join-set: borrow<join-set>, arg: string) -> execution-id;

  foo-await-next: func(join-set: borrow<join-set>) -> result<tuple<execution-id, result<string>>, await-next-extension-error>;

  foo-get: func(execution-id: execution-id) -> result<result<string>, get-extension-error>;

  foo-invoke: func(label: string, arg: string) -> result<result<string>, invoke-extension-error>;

  noret-submit: func(join-set: borrow<join-set>) -> execution-id;

  noret-await-next: func(join-set: borrow<join-set>) -> result<tuple<execution-id, result>, await-next-extension-error>;

  noret-get: func(execution-id: execution-id) -> result<result, get-extension-error>;

  noret-invoke: func(label: string) -> result<result, invoke-extension-error>;
}



testing:stub-activity-obelisk-stub
package testing:stub-activity-obelisk-stub;

interface activity {
  use obelisk:types/execution@3.0.0.{execution-id, stub-error};

  foo-stub: func(execution-id: execution-id, execution-result: result<string>) -> result<_, stub-error>;

  noret-stub: func(execution-id: execution-id, execution-result: result) -> result<_, stub-error>;
}
