---
source: crates/utils/src/wasm_tools.rs
expression: imports
---
{
  "obelisk:workflow/host-activities.new-join-set": [
    [],
    {
      "type_wrapper": "String",
      "wit_type": "join-set-id"
    }
  ],
  "testing:fibo-obelisk-ext/fibo.fibo-await-next": [
    [
      {
        "name": "join-set-id",
        "wit_type": "string",
        "type_wrapper": "String"
      }
    ],
    {
      "type_wrapper": "U64",
      "wit_type": "u64"
    }
  ],
  "testing:fibo-obelisk-ext/fibo.fibo-submit": [
    [
      {
        "name": "join-set-id",
        "wit_type": "string",
        "type_wrapper": "String"
      },
      {
        "name": "n",
        "wit_type": "u8",
        "type_wrapper": "U8"
      }
    ],
    {
      "type_wrapper": "String",
      "wit_type": "string"
    }
  ],
  "testing:fibo-workflow-obelisk-ext/workflow.fiboa-await-next": [
    [
      {
        "name": "join-set-id",
        "wit_type": "string",
        "type_wrapper": "String"
      }
    ],
    {
      "type_wrapper": "U64",
      "wit_type": "u64"
    }
  ],
  "testing:fibo-workflow-obelisk-ext/workflow.fiboa-submit": [
    [
      {
        "name": "join-set-id",
        "wit_type": "string",
        "type_wrapper": "String"
      },
      {
        "name": "n",
        "wit_type": "u8",
        "type_wrapper": "U8"
      },
      {
        "name": "iterations",
        "wit_type": "u32",
        "type_wrapper": "U32"
      }
    ],
    {
      "type_wrapper": "String",
      "wit_type": "string"
    }
  ],
  "testing:fibo-workflow/workflow-nesting.fibo-nested-workflow": [
    [
      {
        "name": "n",
        "wit_type": "u8",
        "type_wrapper": "U8"
      }
    ],
    {
      "type_wrapper": "U64",
      "wit_type": "u64"
    }
  ],
  "testing:fibo/fibo.fibo": [
    [
      {
        "name": "n",
        "wit_type": "u8",
        "type_wrapper": "U8"
      }
    ],
    {
      "type_wrapper": "U64",
      "wit_type": "u64"
    }
  ]
}
