---
source: crates/utils/src/wasm_tools.rs
expression: exports
---
{
  "testing:http-workflow/workflow.get": [
    [
      {
        "name": "url",
        "wit_type": "string",
        "type_wrapper": "String"
      }
    ],
    {
      "Result": {
        "ok": "String",
        "err": "String"
      }
    }
  ],
  "testing:http-workflow/workflow.get-successful": [
    [
      {
        "name": "url",
        "wit_type": "string",
        "type_wrapper": "String"
      }
    ],
    {
      "Result": {
        "ok": "String",
        "err": "String"
      }
    }
  ],
  "testing:http-workflow/workflow.get-successful-concurrently": [
    [
      {
        "name": "urls",
        "wit_type": "list<string>",
        "type_wrapper": {
          "List": "String"
        }
      }
    ],
    {
      "Result": {
        "ok": {
          "List": "String"
        },
        "err": "String"
      }
    }
  ],
  "testing:http-workflow/workflow.get-successful-concurrently-stress": [
    [
      {
        "name": "url",
        "wit_type": "string",
        "type_wrapper": "String"
      },
      {
        "name": "concurrency",
        "wit_type": "u32",
        "type_wrapper": "U32"
      }
    ],
    {
      "Result": {
        "ok": {
          "List": "String"
        },
        "err": "String"
      }
    }
  ]
}
